// Jest Snapshot v1, https://goo.gl/fbAQLP

exports[`Header should match snapshot 1`] = `
<header
  className="header"
>
  <h1
    className="title"
  >
    codeQuiz
  </h1>
  <button
    className="direction-btn"
    onClick={[Function]}
  >
    Info
  </button>
  <p
    className="subtitle"
  >
    Find a subject to study and test your knowledge
  </p>
  <Directions
    displayDirections={false}
    toggleDirections={[Function]}
  />
</header>
`;
