// Jest Snapshot v1, https://goo.gl/fbAQLP

exports[`Question should match snapshot 1`] = `
<div>
  <div
    className="question-overlay"
  >
    <article
      className="question-content"
    >
      <section
        className="question"
      >
        Who is it?
      </section>
      <section
        className="answers"
      >
        <div
          className="answer"
          onClick={[MockFunction]}
        >
          me
        </div>
        <div
          className="answer"
          onClick={[MockFunction]}
        >
          you
        </div>
        <div
          className="answer"
          onClick={[MockFunction]}
        >
          neither
        </div>
        <div
          className="answer"
          onClick={[MockFunction]}
        >
          both
        </div>
      </section>
    </article>
  </div>
</div>
`;
